// Jest Snapshot v1, https://goo.gl/fbAQLP

exports[`enhanceWithRoot should enhance a base component 1`] = `
ShallowWrapper {
  "length": 1,
  Symbol(enzyme.__root__): [Circular],
  Symbol(enzyme.__unrendered__): <Component />,
  Symbol(enzyme.__renderer__): Object {
    "batchedUpdates": [Function],
    "getNode": [Function],
    "render": [Function],
    "simulateEvent": [Function],
    "unmount": [Function],
  },
  Symbol(enzyme.__node__): Object {
    "instance": null,
    "key": undefined,
    "nodeType": "class",
    "props": Object {
      "children": <Jss(AppWrapper)>
        <Dummy />
</Jss(AppWrapper)>,
      "theme": Object {
        "palette": Object {
          "error": Object {
            "500": "#f44336",
          },
          "primary": Object {
            "500": "#2196F3",
          },
          "secondary": Object {
            "500": "#FF9800",
          },
          "text": Object {
            "disabled": "rgba(0, 0, 0, 0.38)",
            "primary": "rgba(0, 0, 0, 0.87)",
            "secondary": "rgba(0, 0, 0, 0.54)",
          },
        },
        "spacing": Object {
          "unit": 8,
        },
        "typeography": Object {
          "fontFamily": "\\"Roboto\\", \\"Helvetica\\", \\"Arial\\", sans-serif",
          "fontSize": 15,
          "fontWeightLight": 300,
          "fontWeightMedium": 500,
          "fontWeightRegular": 400,
          "lineHeight": 1.6,
        },
      },
    },
    "ref": null,
    "rendered": Object {
      "instance": null,
      "key": undefined,
      "nodeType": "class",
      "props": Object {
        "children": <Dummy />,
      },
      "ref": null,
      "rendered": Object {
        "instance": null,
        "key": undefined,
        "nodeType": "function",
        "props": Object {},
        "ref": null,
        "rendered": null,
        "type": [Function],
      },
      "type": [Function],
    },
    "type": [Function],
  },
  Symbol(enzyme.__nodes__): Array [
    Object {
      "instance": null,
      "key": undefined,
      "nodeType": "class",
      "props": Object {
        "children": <Jss(AppWrapper)>
          <Dummy />
</Jss(AppWrapper)>,
        "theme": Object {
          "palette": Object {
            "error": Object {
              "500": "#f44336",
            },
            "primary": Object {
              "500": "#2196F3",
            },
            "secondary": Object {
              "500": "#FF9800",
            },
            "text": Object {
              "disabled": "rgba(0, 0, 0, 0.38)",
              "primary": "rgba(0, 0, 0, 0.87)",
              "secondary": "rgba(0, 0, 0, 0.54)",
            },
          },
          "spacing": Object {
            "unit": 8,
          },
          "typeography": Object {
            "fontFamily": "\\"Roboto\\", \\"Helvetica\\", \\"Arial\\", sans-serif",
            "fontSize": 15,
            "fontWeightLight": 300,
            "fontWeightMedium": 500,
            "fontWeightRegular": 400,
            "lineHeight": 1.6,
          },
        },
      },
      "ref": null,
      "rendered": Object {
        "instance": null,
        "key": undefined,
        "nodeType": "class",
        "props": Object {
          "children": <Dummy />,
        },
        "ref": null,
        "rendered": Object {
          "instance": null,
          "key": undefined,
          "nodeType": "function",
          "props": Object {},
          "ref": null,
          "rendered": null,
          "type": [Function],
        },
        "type": [Function],
      },
      "type": [Function],
    },
  ],
  Symbol(enzyme.__options__): Object {
    "adapter": ReactSixteenAdapter {
      "options": Object {
        "enableComponentDidUpdateOnSetState": true,
      },
    },
  },
}
`;
